
[11304:0829/001406.361:WARNING:electron\shell\browser\ui\win\notify_icon.cc:60] Unable to create status tray icon.
[11304:0829/001406.361:WARNING:electron\shell\browser\ui\win\notify_icon.cc:139] Error setting status tray icon image
[11304:0829/001406.361:WARNING:electron\shell\browser\ui\win\notify_icon.cc:167] Unable to set tooltip for status tray icon
[11304:0829/001406.749:INFO:CONSOLE:2] "%cElectron Security Warning (Disabled webSecurity) font-weight: bold; This renderer process has "webSecurity" disabled. This
  exposes users of this app to severe security risks.

For more information and help, consult
https://electronjs.org/docs/tutorial/security.
This warning will not show up
once the app is packaged.", source: node:electron/js2c/sandbox_bundle (2)
[11304:0829/001406.751:INFO:CONSOLE:2] "%cElectron Security Warning (allowRunningInsecureContent) font-weight: bold; This renderer process has "allowRunningInsecureContent"
  enabled. This exposes users of this app to severe security risks.

  
For more information and help, consult
https://electronjs.org/docs/tutorial/security.
This warning will not show up
once the app is packaged.", source: node:electron/js2c/sandbox_bundle (2)
[11304:0829/001406.751:INFO:CONSOLE:2] "%cElectron Security Warning (Insecure Content-Security-Policy) font-weight: bold; This renderer process has either no Content Security
  Policy set or a policy with "unsafe-eval" enabled. This exposes users of
  this app to unnecessary security risks.

For more information and help, consult
https://electronjs.org/docs/tutorial/security.
This warning will not show up
once the app is packaged.", source: node:electron/js2c/sandbox_bundle (2)
Renderer process crashed - see https://www.electronjs.org/docs/tutorial/application-debugging for potential debugging information.
[11304:0829/001447.488:ERROR:content\browser\network_service_instance_impl.cc:650] Network service crashed or was terminated, restarting service.
